// Jest Snapshot v1, https://goo.gl/fbAQLP

exports[`ErrorBoundary when component catch an error should render with state.hasError true 1`] = `
<h1>
  Ops
</h1>
`;

exports[`ErrorBoundary when construct should render with state.hasError false 1`] = `
<div>
  Children
</div>
`;
