// Jest Snapshot v1, https://goo.gl/fbAQLP

exports[`MovieCard when construct should render 1`] = `
<div
  className="movie-card"
>
  <NavLink
    activeClassName="active"
    ariaCurrent="true"
    to="/movie-details/287947"
  >
    <Card
      tag="div"
    >
      <CardImg
        alt="Movie Image"
        height="400px"
        src="https://image.tmdb.org/t/p/w500/yUOJHa9XmB1H0iYodG9Kb3YCc9T.jpg"
        tag="img"
        top={true}
        width="100%"
      />
      <CardBody
        tag="div"
      >
        <CardTitle
          tag="h5"
        >
          Shazam!
        </CardTitle>
        <CardSubtitle
          tag="h6"
        >
          <MovieGenres
            genres={
              Array [
                "Action",
                "Adventure",
                "Fantasy",
                "Science Fiction",
              ]
            }
          />
        </CardSubtitle>
      </CardBody>
    </Card>
  </NavLink>
</div>
`;

exports[`MovieCard when construct should render one badge for every genre 1`] = `
ShallowWrapper {
  "length": 1,
  Symbol(enzyme.__root__): [Circular],
  Symbol(enzyme.__unrendered__): <MovieGenres
    genres={
      Array [
        "Action",
        "Adventure",
        "Fantasy",
        "Science Fiction",
      ]
    }
  />,
  Symbol(enzyme.__renderer__): Object {
    "batchedUpdates": [Function],
    "getNode": [Function],
    "render": [Function],
    "simulateEvent": [Function],
    "unmount": [Function],
  },
  Symbol(enzyme.__node__): Object {
    "instance": null,
    "key": undefined,
    "nodeType": "host",
    "props": Object {
      "children": Array [
        <Badge
          color="secondary mr-1"
          pill={false}
          tag="span"
        >
          Action
        </Badge>,
        <Badge
          color="secondary mr-1"
          pill={false}
          tag="span"
        >
          Adventure
        </Badge>,
        <Badge
          color="secondary mr-1"
          pill={false}
          tag="span"
        >
          Fantasy
        </Badge>,
        <Badge
          color="secondary mr-1"
          pill={false}
          tag="span"
        >
          Science Fiction
        </Badge>,
      ],
    },
    "ref": null,
    "rendered": Array [
      Object {
        "instance": null,
        "key": "0",
        "nodeType": "function",
        "props": Object {
          "children": "Action",
          "color": "secondary mr-1",
          "pill": false,
          "tag": "span",
        },
        "ref": null,
        "rendered": "Action",
        "type": [Function],
      },
      Object {
        "instance": null,
        "key": "1",
        "nodeType": "function",
        "props": Object {
          "children": "Adventure",
          "color": "secondary mr-1",
          "pill": false,
          "tag": "span",
        },
        "ref": null,
        "rendered": "Adventure",
        "type": [Function],
      },
      Object {
        "instance": null,
        "key": "2",
        "nodeType": "function",
        "props": Object {
          "children": "Fantasy",
          "color": "secondary mr-1",
          "pill": false,
          "tag": "span",
        },
        "ref": null,
        "rendered": "Fantasy",
        "type": [Function],
      },
      Object {
        "instance": null,
        "key": "3",
        "nodeType": "function",
        "props": Object {
          "children": "Science Fiction",
          "color": "secondary mr-1",
          "pill": false,
          "tag": "span",
        },
        "ref": null,
        "rendered": "Science Fiction",
        "type": [Function],
      },
    ],
    "type": "div",
  },
  Symbol(enzyme.__nodes__): Array [
    Object {
      "instance": null,
      "key": undefined,
      "nodeType": "host",
      "props": Object {
        "children": Array [
          <Badge
            color="secondary mr-1"
            pill={false}
            tag="span"
          >
            Action
          </Badge>,
          <Badge
            color="secondary mr-1"
            pill={false}
            tag="span"
          >
            Adventure
          </Badge>,
          <Badge
            color="secondary mr-1"
            pill={false}
            tag="span"
          >
            Fantasy
          </Badge>,
          <Badge
            color="secondary mr-1"
            pill={false}
            tag="span"
          >
            Science Fiction
          </Badge>,
        ],
      },
      "ref": null,
      "rendered": Array [
        Object {
          "instance": null,
          "key": "0",
          "nodeType": "function",
          "props": Object {
            "children": "Action",
            "color": "secondary mr-1",
            "pill": false,
            "tag": "span",
          },
          "ref": null,
          "rendered": "Action",
          "type": [Function],
        },
        Object {
          "instance": null,
          "key": "1",
          "nodeType": "function",
          "props": Object {
            "children": "Adventure",
            "color": "secondary mr-1",
            "pill": false,
            "tag": "span",
          },
          "ref": null,
          "rendered": "Adventure",
          "type": [Function],
        },
        Object {
          "instance": null,
          "key": "2",
          "nodeType": "function",
          "props": Object {
            "children": "Fantasy",
            "color": "secondary mr-1",
            "pill": false,
            "tag": "span",
          },
          "ref": null,
          "rendered": "Fantasy",
          "type": [Function],
        },
        Object {
          "instance": null,
          "key": "3",
          "nodeType": "function",
          "props": Object {
            "children": "Science Fiction",
            "color": "secondary mr-1",
            "pill": false,
            "tag": "span",
          },
          "ref": null,
          "rendered": "Science Fiction",
          "type": [Function],
        },
      ],
      "type": "div",
    },
  ],
  Symbol(enzyme.__options__): Object {
    "adapter": ReactSixteenAdapter {
      "options": Object {
        "enableComponentDidUpdateOnSetState": true,
      },
    },
  },
}
`;
