// Jest Snapshot v1, https://goo.gl/fbAQLP

exports[`MovieDetailsView when construct should render 1`] = `
<Route
  component={[Function]}
  exatc={true}
  path="/baseUrl/:id"
/>
`;
