// Jest Snapshot v1, https://goo.gl/fbAQLP

exports[`Movies Header when construct should render SearchInput properly 1`] = `
<div>
  <label
    className="mb-1 font-weight-bold"
  >
    Find your movie
  </label>
  <div
    className="shadow-lg search-input"
  >
    <input
      className="w-100
                border-0
                rounded"
      placeholder="Search your movie"
      type="text"
    />
  </div>
</div>
`;

exports[`Movies Header when construct should render component 1`] = `
<Container
  className="movies-header"
  fluid={true}
  tag="div"
>
  <div
    className="text-white-50"
  >
    Netflixroulette
  </div>
  <Row
    className="h-100"
    tag="div"
  >
    <Col
      className="align-self-center text-white"
      tag="div"
      widths={
        Array [
          "xs",
          "sm",
          "md",
          "lg",
          "xl",
        ]
      }
      xs={
        Object {
          "offset": 2,
          "size": 8,
        }
      }
    >
      <SearchInput />
      <Button
        className="search-button 
                         mt-1
                         w-20
                         float-right"
        color="secondary"
        outline={true}
        tag="button"
      >
        Search
      </Button>
    </Col>
  </Row>
</Container>
`;
