// Jest Snapshot v1, https://goo.gl/fbAQLP

exports[`StoreIndex should return configured persistor 1`] = `Object {}`;

exports[`StoreIndex should return configured store 1`] = `
Object {
  "dispatch": [Function],
  "getState": [Function],
  "replaceReducer": [Function],
  "subscribe": [Function],
  Symbol(observable): [Function],
}
`;
